// Jest Snapshot v1, https://goo.gl/fbAQLP

exports[`ReactRefreshLogBox app Module not found 1`] = `
"./index.js:1:0
Module not found: Can't resolve 'b'
> 1 | import Comp from 'b'
  2 |       export default function Oops() {
  3 |         return (
  4 |           <div>

Import trace for requested module:
./app/page.js

https://nextjs.org/docs/messages/module-not-found"
`;

exports[`ReactRefreshLogBox app Module not found empty import trace 1`] = `
"./app/page.js:2:6
Module not found: Can't resolve 'b'
  1 | 'use client'
> 2 |       import Comp from 'b'
    |      ^
  3 |       export default function Oops() {
  4 |         return (
  5 |           <div>

https://nextjs.org/docs/messages/module-not-found"
`;

exports[`ReactRefreshLogBox app Module not found missing global CSS 1`] = `
"./node_modules/.pnpm/file+..+next-repo-9e165f6d92f258db5d4c64bec9a889bf_f5jd4j2xaecksvjvnsk22mhdqi/node_modules/next/dist/client/script.js
  x NEXT_RSC_ERR_CLIENT_DIRECTIVE
    ,-[15:1]
 15 | var _headManagerContext = require(\\"../shared/lib/head-manager-context\\");
 16 | var _headManager = require(\\"./head-manager\\");
 17 | var _requestIdleCallback = require(\\"./request-idle-callback\\");
 18 | 'use client';
    : ^^^^^^^^^^^^^
 19 | const ScriptCache = new Map();
 20 | const LoadCache = new Set();
 21 | const ignoreProps = [
    \`----
  node_modules/.pnpm/file+..+next-repo-9e165f6d92f258db5d4c64bec9a889bf_f5jd4j2xaecksvjvnsk22mhdqi/node_modules/next/dist/client/script.js
  node_modules/.pnpm/file+..+next-repo-9e165f6d92f258db5d4c64bec9a889bf_f5jd4j2xaecksvjvnsk22mhdqi/node_modules/next/dist/client/index.js
  node_modules/.pnpm/file+..+next-repo-9e165f6d92f258db5d4c64bec9a889bf_f5jd4j2xaecksvjvnsk22mhdqi/node_modules/next/dist/client/next-dev.js"
`;

exports[`ReactRefreshLogBox app Node.js builtins 1`] = `
"./node_modules/my-package/index.js:2:0
Module not found: Can't resolve 'dns'

Import trace for requested module:
./index.js
./app/page.js

https://nextjs.org/docs/messages/module-not-found"
`;
