// Jest Snapshot v1, https://goo.gl/fbAQLP

exports[`With Snapshot Testing Blog renders components 1`] = `
<div
  style={
    Object {
      "border": "1px dashed #00ff00",
      "marginTop": "5px",
      "padding": "10px",
    }
  }
>
  <h3>
    Endpoint
  </h3>
  Uses injected \`Link\` component without direct dependency on one
  <br />
  <div
    comment="mocked Link component"
  >
    <a>
      About: foo baz
    </a>
  </div>
  <br />
  <div
    comment="mocked Link component"
  >
    <a>
      go Home
    </a>
  </div>
</div>
`;
