// Jest Snapshot v1, https://goo.gl/fbAQLP

exports[`ReactRefreshLogBox default syntax > runtime error 1`] = `
"index.js (5:8) @ Error

  3 | setInterval(() => {
  4 | i++
> 5 | throw Error('no ' + i)
    |      ^
  6 | }, 1000)
  7 | export default function FunctionNamed() {
  8 | return <div />"
`;
