// Jest Snapshot v1, https://goo.gl/fbAQLP

exports[`ReactRefreshLogBox default _app syntax error shows logbox 1`] = `
"./pages/_app.js
Error: 
  x Expression expected
   ,-[1:1]
 1 | 
 2 |             function MyApp({ Component, pageProps }) {
 3 |               return <<Component {...pageProps} />;
   :                       ^
 4 |             }
 5 |             export default MyApp
 6 |           
   \`----

  x Expression expected
   ,-[1:1]
 1 | 
 2 |             function MyApp({ Component, pageProps }) {
 3 |               return <<Component {...pageProps} />;
   :                        ^^^^^^^^^
 4 |             }
 5 |             export default MyApp
 6 |           
   \`----

Caused by:
    Syntax Error"
`;

exports[`ReactRefreshLogBox default _document syntax error shows logbox 1`] = `
"./pages/_document.js
Error: 
  x Unexpected token \`{\`. Expected identifier, string literal, numeric literal or [ for the computed key
   ,-[1:1]
 1 | 
 2 |             import Document, { Html, Head, Main, NextScript } from 'next/document'
 3 | 
 4 |             class MyDocument extends Document {{
   :                                                ^
 5 |               static async getInitialProps(ctx) {
 6 |                 const initialProps = await Document.getInitialProps(ctx)
 7 |                 return { ...initialProps }
   \`----

Caused by:
    Syntax Error"
`;
