// Jest Snapshot v1, https://goo.gl/fbAQLP

exports[`getSortedRoutes correctly sorts required slugs 1`] = `
Array [
  "/",
  "/apples/[ab]/[cd]/ef",
  "/blog/abc",
  "/blog/abc/post",
  "/blog/abc/[id]",
  "/blog/[id]",
  "/blog/[id]/comments/[cid]",
  "/foo/[d]/bar/baz/[f]",
  "/p/[...rest]",
  "/p2/[id]",
  "/p2/[id]/abc",
  "/p2/[...rest]",
  "/posts",
  "/posts/[id]",
  "/[root-slug]",
  "/[...rest]",
]
`;
